Script started on 2019-10-13 17:09:17-04:00 [TERM="xterm-256color" TTY="/dev/pts/7" COLUMNS="63" LINES="36"]
rsaptar2@remote00:~/i220a/work$ cd ..
rsaptar2@remote00:~/i220a$ gtu[K[Kit remote add lab8 ssh://rsapar[K[Ktar2@r emote.cs.binghamtoned.[K[K[K.edu/home/rsaptar2/git-repos/lab8.git
rsaptar2@remote00:~/i220a$ git pull --allow-unreal[K[Klate [Kd [K-histories  lab8 master
rsaptar2@remote.cs.binghamton.edu's password: 
Permission denied, please try again.
rsaptar2@remote.cs.binghamton.edu's password: 
warning: no common commits
remote: Enumerating objects: 42, done.[K
remote: Counting objects:   2% (1/42)   [Kremote: Counting objects:   4% (2/42)   [Kremote: Counting objects:   7% (3/42)   [Kremote: Counting objects:   9% (4/42)   [Kremote: Counting objects:  11% (5/42)   [Kremote: Counting objects:  14% (6/42)   [Kremote: Counting objects:  16% (7/42)   [Kremote: Counting objects:  19% (8/42)   [Kremote: Counting objects:  21% (9/42)   [Kremote: Counting objects:  23% (10/42)   [Kremote: Counting objects:  26% (11/42)   [Kremote: Counting objects:  28% (12/42)   [Kremote: Counting objects:  30% (13/42)   [Kremote: Counting objects:  33% (14/42)   [Kremote: Counting objects:  35% (15/42)   [Kremote: Counting objects:  38% (16/42)   [Kremote: Counting objects:  40% (17/42)   [Kremote: Counting objects:  42% (18/42)   [Kremote: Counting objects:  45% (19/42)   [Kremote: Counting objects:  47% (20/42)   [Kremote: Counting objects:  50% (21/42)   [Kremote: Counting objects:  52% (22/42)   [Kremote: Counting objects:  54% (23/42)   [Kremote: Counting objects:  57% (24/42)   [Kremote: Counting objects:  59% (25/42)   [Kremote: Counting objects:  61% (26/42)   [Kremote: Counting objects:  64% (27/42)   [Kremote: Counting objects:  66% (28/42)   [Kremote: Counting objects:  69% (29/42)   [Kremote: Counting objects:  71% (30/42)   [Kremote: Counting objects:  73% (31/42)   [Kremote: Counting objects:  76% (32/42)   [Kremote: Counting objects:  78% (33/42)   [Kremote: Counting objects:  80% (34/42)   [Kremote: Counting objects:  83% (35/42)   [Kremote: Counting objects:  85% (36/42)   [Kremote: Counting objects:  88% (37/42)   [Kremote: Counting objects:  90% (38/42)   [Kremote: Counting objects:  92% (39/42)   [Kremote: Counting objects:  95% (40/42)   [Kremote: Counting objects:  97% (41/42)   [Kremote: Counting objects: 100% (42/42)   [Kremote: Counting objects: 100% (42/42), done.[K
remote: Compressing objects:   4% (1/23)   [Kremote: Compressing objects:   8% (2/23)   [Kremote: Compressing objects:  13% (3/23)   [Kremote: Compressing objects:  17% (4/23)   [Kremote: Compressing objects:  21% (5/23)   [Kremote: Compressing objects:  26% (6/23)   [Kremote: Compressing objects:  30% (7/23)   [Kremote: Compressing objects:  34% (8/23)   [Kremote: Compressing objects:  39% (9/23)   [Kremote: Compressing objects:  43% (10/23)   [Kremote: Compressing objects:  47% (11/23)   [Kremote: Compressing objects:  52% (12/23)   [Kremote: Compressing objects:  56% (13/23)   [Kremote: Compressing objects:  60% (14/23)   [Kremote: Compressing objects:  65% (15/23)   [Kremote: Compressing objects:  69% (16/23)   [Kremote: Compressing objects:  73% (17/23)   [Kremote: Compressing objects:  78% (18/23)   [Kremote: Compressing objects:  82% (19/23)   [Kremote: Compressing objects:  86% (20/23)   [Kremote: Compressing objects:  91% (21/23)   [Kremote: Compressing objects:  95% (22/23)   [Kremote: Compressing objects: 100% (23/23)   [Kremote: Compressing objects: 100% (23/23), done.[K
remote: Total 42 (delta 12), reused 0 (delta 0)[K
Unpacking objects:   2% (1/42)   Unpacking objects:   4% (2/42)   Unpacking objects:   7% (3/42)   Unpacking objects:   9% (4/42)   Unpacking objects:  11% (5/42)   Unpacking objects:  14% (6/42)   Unpacking objects:  16% (7/42)   Unpacking objects:  19% (8/42)   Unpacking objects:  21% (9/42)   Unpacking objects:  23% (10/42)   Unpacking objects:  26% (11/42)   Unpacking objects:  28% (12/42)   Unpacking objects:  30% (13/42)   Unpacking objects:  33% (14/42)   Unpacking objects:  35% (15/42)   Unpacking objects:  38% (16/42)   Unpacking objects:  40% (17/42)   Unpacking objects:  42% (18/42)   Unpacking objects:  45% (19/42)   Unpacking objects:  47% (20/42)   Unpacking objects:  50% (21/42)   Unpacking objects:  52% (22/42)   Unpacking objects:  54% (23/42)   Unpacking objects:  57% (24/42)   Unpacking objects:  59% (25/42)   Unpacking objects:  61% (26/42)   Unpacking objects:  64% (27/42)   Unpacking objects:  66% (28/42)   Unpacking objects:  69% (29/42)   Unpacking objects:  71% (30/42)   Unpacking objects:  73% (31/42)   Unpacking objects:  76% (32/42)   Unpacking objects:  78% (33/42)   Unpacking objects:  80% (34/42)   Unpacking objects:  83% (35/42)   Unpacking objects:  85% (36/42)   Unpacking objects:  88% (37/42)   Unpacking objects:  90% (38/42)   Unpacking objects:  92% (39/42)   Unpacking objects:  95% (40/42)   Unpacking objects:  97% (41/42)   Unpacking objects: 100% (42/42)   Unpacking objects: 100% (42/42), done.
From ssh://remote.cs.binghamton.edu/home/rsaptar2/git-repos/lab8
 * branch            master     -> FETCH_HEAD
 * [new branch]      master     -> lab8/master
hint: Waiting for your editor to close the file... [?1000h[?2004h[?1049h[22;0;0t[?1h=[?2004h[1;36r[?12h[?12l[22;2t[22;1t[27m[23m[29m[m[H[2J[?25l[36;1H</git-repos/i220a/.git/MERGE_MSG"<os/i220a/.git/MERGE_MSG" 7L, 312C[2;1Hâ–½[6n[2;1H  [1;1H[>c]10;?]11;?[1;1H[38;5;130mMerge branch 'master' of ssh://remote.cs.binghamto[mn.edu/home/rss[2;1Haptar2/git-repos/lab8

[34m# Please enter a commit message to explain why this merge is nee[5;1Hcessary,
# especially if it merges an updated upstream into a topic brann[7;1Hch.
#
# Lines starting with '#' will be ignored, and an empty messagee[10;1H aborts
# the commit.[m
[94m~                                                              [13;1H~                                                              [14;1H~                                                              [15;1H~                                                              [16;1H~                                                              [17;1H~                                                              [18;1H~                                                              [19;1H~                                                              [20;1H~                                                              [21;1H~                                                              [22;1H~                                                              [23;1H~                                                              [24;1H~                                                              [25;1H~                                                              [26;1H~                                                              [27;1H~                                                              [28;1H~                                                              [29;1H~                                                              [30;1H~                                                              [31;1H~                                                              [32;1H~                                                              [33;1H~                                                              [34;1H~                                                              [35;1H~                                                              [m[36;46H1,1[11CAll[1;1H[?25hP+q436f\P+q6b75\P+q6b64\P+q6b72\P+q6b6c\P+q2332\P+q2334\P+q2569\P+q2a37\P+q6b31\[?1000l[?1006h[?1002h[?1006l[?1002l[?1006h[?1002h[27m[23m[29m[m[H[2J[?25l[1;1H[93mMerge branch 'master' of ssh://remote.cs.binghamto[mn.edu/home/rss[2;1Haptar2/git-repos/lab8

[96m# Please enter a commit message to explain why this merge is nee[5;1Hcessary,
# especially if it merges an updated upstream into a topic brann[7;1Hch.
#
# Lines starting with '#' will be ignored, and an empty messagee[10;1H aborts
# the commit.[m
[94m~                                                              [13;1H~                                                              [14;1H~                                                              [15;1H~                                                              [16;1H~                                                              [17;1H~                                                              [18;1H~                                                              [19;1H~                                                              [20;1H~                                                              [21;1H~                                                              [22;1H~                                                              [23;1H~                                                              [24;1H~                                                              [25;1H~                                                              [26;1H~                                                              [27;1H~                                                              [28;1H~                                                              [29;1H~                                                              [30;1H~                                                              [31;1H~                                                              [32;1H~                                                              [33;1H~                                                              [34;1H~                                                              [35;1H~                                                              [m[36;46H1,1[11CAll<os/i220a/.git/MERGE_MSG" 7L, 312C[1;1H[?25h[?25l[36;36H^[[1;1H[36;36H  [1;1H[36;36H^[[1;1H[36;36H  [1;1H[?25h[?25l[36;36H:[1;1H[36;1H[K[36;1H:[?2004h[?25he[?25l[?25hw[?25l[?25h[?25l[36;3H[K[36;3H[?25h[?25l[36;2H[K[36;2H[?25hw[?25l[?25hq[?25l[?25h[?25l[?1006l[?1002l[?2004l".git/MERGE_MSG" 7L, 312C written[23;2t[23;1t[22;2t[22;1t[23;2t[23;1t
[?2004l[?1l>[?25h[?1049l[23;0;0t[KMerge made by the 'recursive' strategy.
 work/lab8/.gitignore |  3 [32m+++[m
 work/lab8/Makefile   | 10 [32m++++++++++[m
 work/lab8/README.md  |  4 [32m++++[m
 work/lab8/hello.c    | 15 [32m+++++++++++++++[m
 4 files changed, 32 insertions(+)
 create mode 100644 work/lab8/.gitignore
 create mode 100644 work/lab8/Makefile
 create mode 100644 work/lab8/README.md
 create mode 100644 work/lab8/hello.c
rsaptar2@remote00:~/i220a$ cd wok[Kek[K[Krk/lab8
rsaptar2@remote00:~/i220a/work/lab8$ ls
hello.c  Makefile  README.md
rsaptar2@remote00:~/i220a/work/lab8$ git log --[Kl[Khello.c
usage: git log [<options>] [<revision-range>] [[--] <path>...]
   or: git show [<options>] <object>...

    -q, --quiet           suppress diff output
    --source              show source
    --use-mailmap         Use mail map file
    --decorate-refs <pattern>
                          only decorate refs that match <pattern>
    --decorate-refs-exclude <pattern>
                          do not decorate refs that match <pattern>
    --decorate[=...]      decorate options
    -L <n,m:file>         Process line range n,m in file, counting from 1

rsaptar2@remote00:~/i220a/work/lab8$ git log -hello.c[1Phello.c
[?1h=[33mcommit 19880da11a196db1bbffa828d28c5eab79d3e43c[m[33m ([m[1;31mlab8/master[m[33m)[m[m
Author: Rutvik Saptarshi <rsaptar2@cs.binghamton.edu>[m
Date:   Sun Oct 13 16:21:49 2019 -0400[m
[m
    updated master[m
[m
[33mcommit b02a490a1c1468de9727b60bc5560d275753c0b4[m[m
Merge: 62b5f26 feef92e[m
Author: Rutvik Saptarshi <rsaptar2@cs.binghamton.edu>[m
Date:   Sun Oct 13 16:14:33 2019 -0400[m
[m
    fixed merge conflicts[m
[m
[33mcommit feef92ee22e37c978e9a4f547be9f43f796a8235[m[m
Author: Rutvik Saptarshi <rsaptar2@cs.binghamton.edu>[m
Date:   Sun Oct 13 16:04:30 2019 -0400[m
[m
    added return at the end of main()[m
[m
[33mcommit 62b5f266909855a756f29d1009406c869f291919[m[m
Author: Rutvik Saptarshi <rsaptar2@cs.binghamton.edu>[m
Date:   Sun Oct 13 16:01:57 2019 -0400[m
[m
    allow greeting multiple names[m
[m
[33mcommit aa2f27add63142852a80297583e0e19b234179da[m[m
Author: Rutvik Saptarshi <rsaptar2@cs.binghamton.edu>[m
Date:   Sun Oct 13 15:59:23 2019 -0400[m
[m
    send usage message to stderr[m
[m
[33mcommit 5e6528233dca74b902e3994b8dfc896f79b69907[m[m
Author: Rutvik Saptarshi <rsaptar2@cs.binghamton.edu>[m
Date:   Sun Oct 13 15:53:26 2019 -0400[m
[m
:[K[K:[K[K    working clean compile[m
:[K[K[m
:[K[K[33mcommit 9019296d8566cc47df049c69179cc724db760086[m[m
:[K[KAuthor: Rutvik Saptarshi <rsaptar2@cs.binghamton.edu>[m
:[K[K[?1l>
rsaptar2@remote00:~/i220a/work/lab8$ exit

Script done on 2019-10-13 17:11:46-04:00 [COMMAND_EXIT_CODE="130"]
